// Jest Snapshot v1, https://goo.gl/fbAQLP

exports[`Register Page Should match with snapshot 1`] = `
{
  "asFragment": [Function],
  "baseElement": <body>
    <div>
      <div
        class="fullContainer"
        data-testid="login-page"
      >
        <div
          class="innerContainer"
        >
          <h1
            class="title"
          >
            Masuk
          </h1>
          <form
            class="formContainer"
          >
            <label
              class="label"
              for="email"
            >
              Email
            </label>
            <input
              class="input"
              id="email"
              placeholder="contoh_email@mail.com"
              type="email"
            />
            <label
              class="label"
              for="password"
            >
              Kata Sandi
            </label>
            <input
              class="input"
              id="password"
              placeholder="p4sSW0rdR4haS1a"
              type="password"
            />
            <div
              class="forgotPasswordContainer"
            >
              <a
                class="text"
              >
                Lupa Kata Sandi?
              </a>
            </div>
            <button
              class="button"
              type="submit"
            >
              Masuk
            </button>
            <h3
              class="footer"
            >
              Belum punya akun? Daftar di 
              <a
                class="footerLink"
              >
                sini
              </a>
              .
            </h3>
          </form>
        </div>
      </div>
    </div>
  </body>,
  "container": <div>
    <div
      class="fullContainer"
      data-testid="login-page"
    >
      <div
        class="innerContainer"
      >
        <h1
          class="title"
        >
          Masuk
        </h1>
        <form
          class="formContainer"
        >
          <label
            class="label"
            for="email"
          >
            Email
          </label>
          <input
            class="input"
            id="email"
            placeholder="contoh_email@mail.com"
            type="email"
          />
          <label
            class="label"
            for="password"
          >
            Kata Sandi
          </label>
          <input
            class="input"
            id="password"
            placeholder="p4sSW0rdR4haS1a"
            type="password"
          />
          <div
            class="forgotPasswordContainer"
          >
            <a
              class="text"
            >
              Lupa Kata Sandi?
            </a>
          </div>
          <button
            class="button"
            type="submit"
          >
            Masuk
          </button>
          <h3
            class="footer"
          >
            Belum punya akun? Daftar di 
            <a
              class="footerLink"
            >
              sini
            </a>
            .
          </h3>
        </form>
      </div>
    </div>
  </div>,
  "debug": [Function],
  "findAllByAltText": [Function],
  "findAllByDisplayValue": [Function],
  "findAllByLabelText": [Function],
  "findAllByPlaceholderText": [Function],
  "findAllByRole": [Function],
  "findAllByTestId": [Function],
  "findAllByText": [Function],
  "findAllByTitle": [Function],
  "findByAltText": [Function],
  "findByDisplayValue": [Function],
  "findByLabelText": [Function],
  "findByPlaceholderText": [Function],
  "findByRole": [Function],
  "findByTestId": [Function],
  "findByText": [Function],
  "findByTitle": [Function],
  "getAllByAltText": [Function],
  "getAllByDisplayValue": [Function],
  "getAllByLabelText": [Function],
  "getAllByPlaceholderText": [Function],
  "getAllByRole": [Function],
  "getAllByTestId": [Function],
  "getAllByText": [Function],
  "getAllByTitle": [Function],
  "getByAltText": [Function],
  "getByDisplayValue": [Function],
  "getByLabelText": [Function],
  "getByPlaceholderText": [Function],
  "getByRole": [Function],
  "getByTestId": [Function],
  "getByText": [Function],
  "getByTitle": [Function],
  "queryAllByAltText": [Function],
  "queryAllByDisplayValue": [Function],
  "queryAllByLabelText": [Function],
  "queryAllByPlaceholderText": [Function],
  "queryAllByRole": [Function],
  "queryAllByTestId": [Function],
  "queryAllByText": [Function],
  "queryAllByTitle": [Function],
  "queryByAltText": [Function],
  "queryByDisplayValue": [Function],
  "queryByLabelText": [Function],
  "queryByPlaceholderText": [Function],
  "queryByRole": [Function],
  "queryByTestId": [Function],
  "queryByText": [Function],
  "queryByTitle": [Function],
  "rerender": [Function],
  "unmount": [Function],
}
`;
