// Jest Snapshot v1, https://goo.gl/fbAQLP

exports[`Home Page Should match with snapshot 1`] = `
{
  "asFragment": [Function],
  "baseElement": <body>
    <div>
      <div
        class="mainContainer"
        data-testid="home-page"
      >
        <h1
          class="title"
        >
          Cari Tiket
        </h1>
        <div
          class="searchContainer"
        >
          <h4
            class="title"
          >
            Cari Tiket
          </h4>
          <input
            class="input"
            placeholder="Cari tiket..."
            type="text"
          />
        </div>
        <div
          class="dataContainer"
        >
          <div
            class="empty"
          >
            <h3>
              Kosong
            </h3>
          </div>
        </div>
      </div>
    </div>
  </body>,
  "container": <div>
    <div
      class="mainContainer"
      data-testid="home-page"
    >
      <h1
        class="title"
      >
        Cari Tiket
      </h1>
      <div
        class="searchContainer"
      >
        <h4
          class="title"
        >
          Cari Tiket
        </h4>
        <input
          class="input"
          placeholder="Cari tiket..."
          type="text"
        />
      </div>
      <div
        class="dataContainer"
      >
        <div
          class="empty"
        >
          <h3>
            Kosong
          </h3>
        </div>
      </div>
    </div>
  </div>,
  "debug": [Function],
  "findAllByAltText": [Function],
  "findAllByDisplayValue": [Function],
  "findAllByLabelText": [Function],
  "findAllByPlaceholderText": [Function],
  "findAllByRole": [Function],
  "findAllByTestId": [Function],
  "findAllByText": [Function],
  "findAllByTitle": [Function],
  "findByAltText": [Function],
  "findByDisplayValue": [Function],
  "findByLabelText": [Function],
  "findByPlaceholderText": [Function],
  "findByRole": [Function],
  "findByTestId": [Function],
  "findByText": [Function],
  "findByTitle": [Function],
  "getAllByAltText": [Function],
  "getAllByDisplayValue": [Function],
  "getAllByLabelText": [Function],
  "getAllByPlaceholderText": [Function],
  "getAllByRole": [Function],
  "getAllByTestId": [Function],
  "getAllByText": [Function],
  "getAllByTitle": [Function],
  "getByAltText": [Function],
  "getByDisplayValue": [Function],
  "getByLabelText": [Function],
  "getByPlaceholderText": [Function],
  "getByRole": [Function],
  "getByTestId": [Function],
  "getByText": [Function],
  "getByTitle": [Function],
  "queryAllByAltText": [Function],
  "queryAllByDisplayValue": [Function],
  "queryAllByLabelText": [Function],
  "queryAllByPlaceholderText": [Function],
  "queryAllByRole": [Function],
  "queryAllByTestId": [Function],
  "queryAllByText": [Function],
  "queryAllByTitle": [Function],
  "queryByAltText": [Function],
  "queryByDisplayValue": [Function],
  "queryByLabelText": [Function],
  "queryByPlaceholderText": [Function],
  "queryByRole": [Function],
  "queryByTestId": [Function],
  "queryByText": [Function],
  "queryByTitle": [Function],
  "rerender": [Function],
  "unmount": [Function],
}
`;
